
> masum-chat-ui@0.0.0 build
> tsc -b && vite build

src/pages/Chat.tsx(448,44): error TS1005: ',' expected.
